--- Testing Search: "Solo Leveling" ---
Searching aggregators for: Solo Leveling
Found 4 search results total
Search Results: [
  {
    "path": "mr:/solo-leveling-21",
    "title": "Solo Leveling",
    "source": "mangareader",
    "relevance": 1
  },
  {
    "path": "mr:/solo-leveling-ragnarok-68419",
    "title": "Solo Leveling: Ragnarok",
    "source": "mangareader",
    "relevance": 1
  },
  {
    "path": "mr:/solo-bug-player-56200",
    "title": "Solo Bug Player",
    "source": "mangareader",
    "relevance": 0.5
  },
  {
    "path": "mr:/solo-camping-for-two-8785",
    "title": "Solo Camping for Two",
    "source": "mangareader",
    "relevance": 0.5
  }
]
